MySQL Shell 8.0.44

Copyright (c) 2016, 2025, Oracle and/or its affiliates.
Oracle is a registered trademark of Oracle Corporation and/or its affiliates.
Other names may be trademarks of their respective owners.

Type '\help' or '\?' for help; '\quit' to exit.
 MySQL  JS > \sql
Switching to SQL mode... Commands end with ;
 MySQL  SQL > \c localhost@root
Creating a session to 'localhost@root'
Please provide the password for 'localhost@root': **********
MySQL Error 2005: No such host is known 'root'
 MySQL  SQL > \c root@localhost
Creating a session to 'root@localhost'
Fetching global names for auto-completion... Press ^C to stop.
Your MySQL connection id is 92 (X protocol)
Server version: 8.0.44 MySQL Community Server - GPL
No default schema selected; type \use <schema> to set one.
 MySQL  localhost:33060+ ssl  SQL > select user from user;
ERROR: 1046: No database selected
 MySQL  localhost:33060+ ssl  SQL > show databases;
+--------------------+
| Database           |
+--------------------+
| 84r                |
| assignments        |
| demodb             |
| information_schema |
| mysql              |
| performance_schema |
| sys                |
| temp1              |
+--------------------+
8 rows in set (0.0069 sec)
 MySQL  localhost:33060+ ssl  SQL > use mysql;
Default schema set to `mysql`.
Fetching global names, object names from `mysql` for auto-completion... Press ^C to stop.
 MySQL  localhost:33060+ ssl  mysql  SQL > show tables;
+------------------------------------------------------+
| Tables_in_mysql                                      |
+------------------------------------------------------+
| columns_priv                                         |
| component                                            |
| db                                                   |
| default_roles                                        |
| engine_cost                                          |
| func                                                 |
| general_log                                          |
| global_grants                                        |
| gtid_executed                                        |
| help_category                                        |
| help_keyword                                         |
| help_relation                                        |
| help_topic                                           |
| innodb_index_stats                                   |
| innodb_table_stats                                   |
| ndb_binlog_index                                     |
| password_history                                     |
| plugin                                               |
| procs_priv                                           |
| proxies_priv                                         |
| replication_asynchronous_connection_failover         |
| replication_asynchronous_connection_failover_managed |
| replication_group_configuration_version              |
| replication_group_member_actions                     |
| role_edges                                           |
| server_cost                                          |
| servers                                              |
| slave_master_info                                    |
| slave_relay_log_info                                 |
| slave_worker_info                                    |
| slow_log                                             |
| tables_priv                                          |
| time_zone                                            |
| time_zone_leap_second                                |
| time_zone_name                                       |
| time_zone_transition                                 |
| time_zone_transition_type                            |
| user                                                 |
+------------------------------------------------------+
38 rows in set (0.0027 sec)
 MySQL  localhost:33060+ ssl  mysql  SQL > select user from user;
+------------------+
| user             |
+------------------+
| mysql.infoschema |
| mysql.session    |
| mysql.sys        |
| root             |
+------------------+
4 rows in set (0.0007 sec)
 MySQL  localhost:33060+ ssl  mysql  SQL > create user sai@localhost identified by 'sai@123';
Query OK, 0 rows affected (0.0317 sec)
 MySQL  localhost:33060+ ssl  mysql  SQL > select user from user;
+------------------+
| user             |
+------------------+
| mysql.infoschema |
| mysql.session    |
| mysql.sys        |
| root             |
| sai              |
+------------------+
5 rows in set (0.0010 sec)
 MySQL  localhost:33060+ ssl  mysql  SQL > grant permission on the demodb to sai@localhost;
ERROR: 1064: You have an error in your SQL syntax; check the manual that corresponds to your MySQL server version for the right syntax to use near 'demodb to sai@localhost' at line 1
 MySQL  localhost:33060+ ssl  mysql  SQL > grant select on demodb.* to sai@localhost;
Query OK, 0 rows affected (0.0178 sec)
 MySQL  localhost:33060+ ssl  mysql  SQL > grant insert on demodb.* to sai@localhost;
Query OK, 0 rows affected (0.0118 sec)
 MySQL  localhost:33060+ ssl  mysql  SQL > use demodb;
Default schema set to `demodb`.
Fetching global names, object names from `demodb` for auto-completion... Press ^C to stop.
 MySQL  localhost:33060+ ssl  demodb  SQL > select * from bank;
+----+---------+--------+
| id | name    | amount |
+----+---------+--------+
|  1 | sai     |   1000 |
|  2 | mohan   |   2000 |
|  3 | venkat  |   3000 |
|  4 | naga    |   4000 |
|  5 | venkata |   5000 |
|  6 | vinay   |   6000 |
+----+---------+--------+
6 rows in set (0.0008 sec)
 MySQL  localhost:33060+ ssl  demodb  SQL > delete from bank where id = 6;
Query OK, 1 row affected (0.0127 sec)
 MySQL  localhost:33060+ ssl  demodb  SQL > select * from bank;
+----+---------+--------+
| id | name    | amount |
+----+---------+--------+
|  1 | sai     |   1000 |
|  2 | mohan   |   2000 |
|  3 | venkat  |   3000 |
|  4 | naga    |   4000 |
|  5 | venkata |   5000 |
+----+---------+--------+
5 rows in set (0.0007 sec)
 MySQL  localhost:33060+ ssl  demodb  SQL > grant update,delete on demodb.* to sai@localhost;
Query OK, 0 rows affected (0.0124 sec)
 MySQL  localhost:33060+ ssl  demodb  SQL > revoke delete on demodb.* from sai@localhost;
Query OK, 0 rows affected (0.0130 sec)
 MySQL  localhost:33060+ ssl  demodb  SQL > revoke insert,select,update on demodb.* from sai@localhost;
Query OK, 0 rows affected (0.0115 sec)
 MySQL  localhost:33060+ ssl  demodb  SQL > use mqsql;
MySQL Error 1049: Unknown database 'mqsql'
 MySQL  localhost:33060+ ssl  demodb  SQL > use mysql;
Default schema set to `mysql`.
Fetching global names, object names from `mysql` for auto-completion... Press ^C to stop.
 MySQL  localhost:33060+ ssl  mysql  SQL > show tables;
+------------------------------------------------------+
| Tables_in_mysql                                      |
+------------------------------------------------------+
| columns_priv                                         |
| component                                            |
| db                                                   |
| default_roles                                        |
| engine_cost                                          |
| func                                                 |
| general_log                                          |
| global_grants                                        |
| gtid_executed                                        |
| help_category                                        |
| help_keyword                                         |
| help_relation                                        |
| help_topic                                           |
| innodb_index_stats                                   |
| innodb_table_stats                                   |
| ndb_binlog_index                                     |
| password_history                                     |
| plugin                                               |
| procs_priv                                           |
| proxies_priv                                         |
| replication_asynchronous_connection_failover         |
| replication_asynchronous_connection_failover_managed |
| replication_group_configuration_version              |
| replication_group_member_actions                     |
| role_edges                                           |
| server_cost                                          |
| servers                                              |
| slave_master_info                                    |
| slave_relay_log_info                                 |
| slave_worker_info                                    |
| slow_log                                             |
| tables_priv                                          |
| time_zone                                            |
| time_zone_leap_second                                |
| time_zone_name                                       |
| time_zone_transition                                 |
| time_zone_transition_type                            |
| user                                                 |
+------------------------------------------------------+
38 rows in set (0.0026 sec)
 MySQL  localhost:33060+ ssl  mysql  SQL > select * from user;
+-----------+------------------+-------------+-------------+-------------+-------------+-------------+-----------+-------------+---------------+--------------+-----------+------------+-----------------+------------+------------+--------------+------------+-----------------------+------------------+--------------+-----------------+------------------+------------------+----------------+---------------------+--------------------+------------------+------------+--------------+------------------------+----------+------------+-------------+--------------+---------------+-------------+-----------------+----------------------+-----------------------+------------------------------------------------------------------------+------------------+-----------------------+-------------------+----------------+------------------+----------------+------------------------+---------------------+--------------------------+-----------------+
| Host      | User             | Select_priv | Insert_priv | Update_priv | Delete_priv | Create_priv | Drop_priv | Reload_priv | Shutdown_priv | Process_priv | File_priv | Grant_priv | References_priv | Index_priv | Alter_priv | Show_db_priv | Super_priv | Create_tmp_table_priv | Lock_tables_priv | Execute_priv | Repl_slave_priv | Repl_client_priv | Create_view_priv | Show_view_priv | Create_routine_priv | Alter_routine_priv | Create_user_priv | Event_priv | Trigger_priv | Create_tablespace_priv | ssl_type | ssl_cipher | x509_issuer | x509_subject | max_questions | max_updates | max_connections | max_user_connections | plugin                | authentication_string                                                  | password_expired | password_last_changed | password_lifetime | account_locked | Create_role_priv | Drop_role_priv | Password_reuse_history | Password_reuse_time | Password_require_current | User_attributes |
+-----------+------------------+-------------+-------------+-------------+-------------+-------------+-----------+-------------+---------------+--------------+-----------+------------+-----------------+------------+------------+--------------+------------+-----------------------+------------------+--------------+-----------------+------------------+------------------+----------------+---------------------+--------------------+------------------+------------+--------------+------------------------+----------+------------+-------------+--------------+---------------+-------------+-----------------+----------------------+-----------------------+------------------------------------------------------------------------+------------------+-----------------------+-------------------+----------------+------------------+----------------+------------------------+---------------------+--------------------------+-----------------+
| localhost | mysql.infoschema | Y           | N           | N           | N           | N           | N         | N           | N             | N            | N         | N          | N               | N          | N          | N            | N          | N                     | N                | N            | N               | N                | N                | N              | N                   | N                  | N                | N          | N            | N                      |          | 0x         | 0x          | 0x           |             0 |           0 |               0 |                    0 | caching_sha2_password | $A$005$THISISACOMBINATIONOFINVALIDSALTANDPASSWORDTHATMUSTNEVERBRBEUSED | N                | 2025-03-14 20:47:47   |              NULL | Y              | N                | N              |                   NULL |                NULL | NULL                     | NULL            |
| localhost | mysql.session    | N           | N           | N           | N           | N           | N         | N           | Y             | N            | N         | N          | N               | N          | N          | N            | Y          | N                     | N                | N            | N               | N                | N                | N              | N                   | N                  | N                | N          | N            | N                      |          | 0x         | 0x          | 0x           |             0 |           0 |               0 |                    0 | caching_sha2_password | $A$005$THISISACOMBINATIONOFINVALIDSALTANDPASSWORDTHATMUSTNEVERBRBEUSED | N                | 2025-03-14 20:47:47   |              NULL | Y              | N                | N              |                   NULL |                NULL | NULL                     | NULL            |
| localhost | mysql.sys        | N           | N           | N           | N           | N           | N         | N           | N             | N            | N         | N          | N               | N          | N          | N            | N          | N                     | N                | N            | N               | N                | N                | N              | N                   | N                  | N                | N          | N            | N                      |          | 0x         | 0x          | 0x           |             0 |           0 |               0 |                    0 | caching_sha2_password | $A$005$THISISACOMBINATIONOFINVALIDSALTANDPASSWORDTHATMUSTNEVERBRBEUSED | N                | 2025-03-14 20:47:47   |              NULL | Y              | N                | N              |                   NULL |                NULL | NULL                     | NULL            |
| localhost | root             | Y           | Y           | Y           | Y           | Y           | Y         | Y           | Y             | Y            | Y         | Y          | Y               | Y          | Y          | Y            | Y          | Y                     | Y                | Y            | Y               | Y                | Y                | Y              | Y                   | Y                  | Y                | Y          | Y            | Y                      |          | 0x         | 0x          | 0x           |             0 |           0 |               0 |                    0 | caching_sha2_password | $A$005$6â¦'dCK>|(Zpohp/bMgv9bQLS3HrezHJDu65/8he2NDNFC4CWLkHRGSQhA | N                | 2025-03-14 20:47:54   |              NULL | N              | Y                | Y              |                   NULL |                NULL | NULL                     | NULL            |
| localhost | sai              | N           | N           | N           | N           | N           | N         | N           | N             | N            | N         | N          | N               | N          | N          | N            | N          | N                     | N                | N            | N               | N                | N                | N              | N                   | N                  | N                | N          | N            | N                      |          | 0x         | 0x          | 0x           |             0 |           0 |               0 |                    0 | caching_sha2_password | $A$005$do~bgfvfJLT4zlhVF35SetJL4xqO9n.0SSUABzS082TD6zKpxs58 | N                | 2026-02-17 07:25:55   |              NULL | N              | N                | N              |                   NULL |                NULL | NULL                     | NULL            |
+-----------+------------------+-------------+-------------+-------------+-------------+-------------+-----------+-------------+---------------+--------------+-----------+------------+-----------------+------------+------------+--------------+------------+-----------------------+------------------+--------------+-----------------+------------------+------------------+----------------+---------------------+--------------------+------------------+------------+--------------+------------------------+----------+------------+-------------+--------------+---------------+-------------+-----------------+----------------------+-----------------------+------------------------------------------------------------------------+------------------+-----------------------+-------------------+----------------+------------------+----------------+------------------------+---------------------+--------------------------+-----------------+
5 rows in set (0.0015 sec)
 MySQL  localhost:33060+ ssl  mysql  SQL > drop user sai@localhost;
Query OK, 0 rows affected (0.0159 sec)
 MySQL  localhost:33060+ ssl  mysql  SQL > select user from user;
+------------------+
| user             |
+------------------+
| mysql.infoschema |
| mysql.session    |
| mysql.sys        |
| root             |
+------------------+
4 rows in set (0.0009 sec)