 MySQL  localhost:33060+ ssl  SQL > show databases;
+--------------------+
| Database           |
+--------------------+
| 84r                |
| information_schema |
| mysql              |
| performance_schema |
| sys                |
| temp1              |
+--------------------+
6 rows in set (0.0011 sec)
 MySQL  localhost:33060+ ssl  SQL > use 84r;
Default schema set to `84r`.
Fetching global names, object names from `84r` for auto-completion... Press ^C to stop.
 MySQL  localhost:33060+ ssl  84r  SQL > show tables
                                      -> show tables;
ERROR: 1064: You have an error in your SQL syntax; check the manual that corresponds to your MySQL server version for the right syntax to use near 'show tables' at line 2
 MySQL  localhost:33060+ ssl  84r  SQL > show tables;
Empty set (0.0852 sec)
 MySQL  localhost:33060+ ssl  84r  SQL > CREATE TABLE student(roln int , name varchar(20));
Query OK, 0 rows affected (0.0849 sec)
 MySQL  localhost:33060+ ssl  84r  SQL > SHOW tables;
+---------------+
| Tables_in_84r |
+---------------+
| student       |
+---------------+
1 row in set (0.0107 sec)
 MySQL  localhost:33060+ ssl  84r  SQL > DESC student;
+-------+-------------+------+-----+---------+-------+
| Field | Type        | Null | Key | Default | Extra |
+-------+-------------+------+-----+---------+-------+
| roln  | int         | YES  |     | NULL    |       |
| name  | varchar(20) | YES  |     | NULL    |       |
+-------+-------------+------+-----+---------+-------+
2 rows in set (0.0176 sec)
 MySQL  localhost:33060+ ssl  84r  SQL > ALTER TABLE student ADD mobilen int;
Query OK, 0 rows affected (0.1015 sec)

Records: 0  Duplicates: 0  Warnings: 0
 MySQL  localhost:33060+ ssl  84r  SQL > DESC student;
+---------+-------------+------+-----+---------+-------+
| Field   | Type        | Null | Key | Default | Extra |
+---------+-------------+------+-----+---------+-------+
| roln    | int         | YES  |     | NULL    |       |
| name    | varchar(20) | YES  |     | NULL    |       |
| mobilen | int         | YES  |     | NULL    |       |
+---------+-------------+------+-----+---------+-------+
3 rows in set (0.0032 sec)
 MySQL  localhost:33060+ ssl  84r  SQL > ALTER TABLE student ADD COLUMN id INT FIRST;
Query OK, 0 rows affected (0.0647 sec)

Records: 0  Duplicates: 0  Warnings: 0
 MySQL  localhost:33060+ ssl  84r  SQL > ^C
 MySQL  localhost:33060+ ssl  84r  SQL > ALTER TABLE student ADD COLUMN email VARCHAR(30) AFTER name;
Query OK, 0 rows affected (0.0839 sec)

Records: 0  Duplicates: 0  Warnings: 0
 MySQL  localhost:33060+ ssl  84r  SQL > DESC student;
+---------+-------------+------+-----+---------+-------+
| Field   | Type        | Null | Key | Default | Extra |
+---------+-------------+------+-----+---------+-------+
| id      | int         | YES  |     | NULL    |       |
| roln    | int         | YES  |     | NULL    |       |
| name    | varchar(20) | YES  |     | NULL    |       |
| email   | varchar(30) | YES  |     | NULL    |       |
| mobilen | int         | YES  |     | NULL    |       |
+---------+-------------+------+-----+---------+-------+
5 rows in set (0.0027 sec)
 MySQL  localhost:33060+ ssl  84r  SQL > ALTER TABLE student MODIFY roln BIGINT;
Query OK, 0 rows affected (0.1161 sec)

Records: 0  Duplicates: 0  Warnings: 0
 MySQL  localhost:33060+ ssl  84r  SQL > DESC student;
+---------+-------------+------+-----+---------+-------+
| Field   | Type        | Null | Key | Default | Extra |
+---------+-------------+------+-----+---------+-------+
| id      | int         | YES  |     | NULL    |       |
| roln    | bigint      | YES  |     | NULL    |       |
| name    | varchar(20) | YES  |     | NULL    |       |
| email   | varchar(30) | YES  |     | NULL    |       |
| mobilen | int         | YES  |     | NULL    |       |
+---------+-------------+------+-----+---------+-------+
5 rows in set (0.0031 sec)
 MySQL  localhost:33060+ ssl  84r  SQL > ALTER TABLE student RENAME COLUMN name TO stu_name;
Query OK, 0 rows affected (0.0218 sec)

Records: 0  Duplicates: 0  Warnings: 0
 MySQL  localhost:33060+ ssl  84r  SQL > DESC student;
+----------+-------------+------+-----+---------+-------+
| Field    | Type        | Null | Key | Default | Extra |
+----------+-------------+------+-----+---------+-------+
| id       | int         | YES  |     | NULL    |       |
| roln     | bigint      | YES  |     | NULL    |       |
| stu_name | varchar(20) | YES  |     | NULL    |       |
| email    | varchar(30) | YES  |     | NULL    |       |
| mobilen  | int         | YES  |     | NULL    |       |
+----------+-------------+------+-----+---------+-------+
5 rows in set (0.0028 sec)
 MySQL  localhost:33060+ ssl  84r  SQL > ALTER TABLE student DROP COLUMN id;
Query OK, 0 rows affected (0.0610 sec)

Records: 0  Duplicates: 0  Warnings: 0
 MySQL  localhost:33060+ ssl  84r  SQL > DESC student;
+----------+-------------+------+-----+---------+-------+
| Field    | Type        | Null | Key | Default | Extra |
+----------+-------------+------+-----+---------+-------+
| roln     | bigint      | YES  |     | NULL    |       |
| stu_name | varchar(20) | YES  |     | NULL    |       |
| email    | varchar(30) | YES  |     | NULL    |       |
| mobilen  | int         | YES  |     | NULL    |       |
+----------+-------------+------+-----+---------+-------+
4 rows in set (0.0034 sec)
 MySQL  localhost:33060+ ssl  84r  SQL > RENAME TABLE student TO student_records;
Query OK, 0 rows affected (0.0276 sec)
 MySQL  localhost:33060+ ssl  84r  SQL > DESC student_records;
+----------+-------------+------+-----+---------+-------+
| Field    | Type        | Null | Key | Default | Extra |
+----------+-------------+------+-----+---------+-------+
| roln     | bigint      | YES  |     | NULL    |       |
| stu_name | varchar(20) | YES  |     | NULL    |       |
| email    | varchar(30) | YES  |     | NULL    |       |
| mobilen  | int         | YES  |     | NULL    |       |
+----------+-------------+------+-----+---------+-------+
4 rows in set (0.0031 sec)
 MySQL  localhost:33060+ ssl  84r  SQL > show databases;
+--------------------+
| Database           |
+--------------------+
| 84r                |
| information_schema |
| mysql              |
| performance_schema |
| sys                |
| temp1              |
+--------------------+
6 rows in set (0.0085 sec)
 MySQL  localhost:33060+ ssl  84r  SQL > show tables;
+-----------------+
| Tables_in_84r   |
+-----------------+
| student_records |
+-----------------+
1 row in set (0.0022 sec)